gavrasm Gerd's AVR assembler version 3.3 (C)2012 by DG4FAC
----------------------------------------------------------
Source file: /home/robert/projects/avr-attiny84-dice-asm/dice2.asm
Hex file:    /home/robert/projects/avr-attiny84-dice-asm/dice2.hex
Eeprom file: /home/robert/projects/avr-attiny84-dice-asm/dice2.eep
Compiled:    20.01.2014, 22:55:48
Pass:        2
     1: ;source by: Dualit / Robert
     2: ;Edited 18 - 1 - 2014
     3: ;Edited 19 - 1 - 2014
     4: ;working to get symbols stored in ram, and used to be displayed.
     5: ;this version works! a random throw with the push of a button.
     6: ;.db
     7: ;lpm
     8: 
     9: .include "tn84def.inc"
 -> Warning 009: Include defs not necessary, using internal values!
   File: /home/robert/projects/avr-attiny84-dice-asm/dice2.asm, Line: 9
   Source line: .include "tn84def.inc"
    10: 
    11: ;holds the pin to symbol values.
    12: .equ one 				= (1<<PA3);
    13: .equ two 				= (1<<PA0)|(1<<PA4);
    14: .equ two_two 			= (1<<PA2)|(1<<PA6);
    15: .equ three				= one|two;
    16: .equ three_two			= one|two_two;
    17: .equ four				= two|two_two;
    18: .equ five 				= four|one;
    19: .equ six				= (four|(1<<PA1)|(1<<PA5));
    20: .equ number_of_symbols 	= 8;
    21: 
    22: .equ button				= (1<<PB2)
    23: 
    24: .def temp 			= r16
    25: .def count  		= r18
    26: .def thrown_number	= r17
    27: .dseg
    28: .org 0x0060
    29: 	;everything after here is in ram
    30: 	;numbers: .byte number_of_symbols+1 ; reserves space for throwing numbers.
    31: 	numbers: .byte number_of_symbols
    32: .cseg
    33: .org 0x00
    34: 000000   E020  ldi count, 0x00
    35: 000001   E717  ldi thrown_number, six
    36: 000002   EF0F  ldi temp, 0xFF
    37: 000003   BB0A  out DDRA, temp
    38: 000004   E000  ldi temp, 0x00
    39: 000005   BB07  out DDRB, temp
    40: 
    41: 	;Init stack
    42: 000006   E50F  ldi temp,low(RAMEND) 
    43: 000007   BF0D  out SPL,temp 
    44: 000008   E002  ldi temp,high(RAMEND) 
    45: 000009   BF0E  out SPH,temp
    46: 	;==========
    47:     ;load symbols into memory
    48: 00000A   D001  rcall loadSymbols
    49:     ;-----
    50: 00000B   C013  rjmp main
    51: 
    52: loadSymbols:
    53: 00000C   E0F0  ldi ZH,HIGH(numbers) ; Set the MSB
    54: 00000D   E6E0  ldi ZL,LOW(numbers) ; Set the LSB
    55:     ;load symbols one for one into ram.
    56: 00000E   E008  ldi temp, one
    57: 00000F   9301  st Z+, temp
    58: 000010   E101  ldi temp, two
    59: 000011   9301  st Z+, temp
    60: 000012   E404  ldi temp, two_two
    61: 000013   9301  st Z+, temp
    62: 000014   E109  ldi temp, three
    63: 000015   9301  st Z+, temp
    64: 000016   E40C  ldi temp, three_two
    65: 000017   9301  st Z+, temp
    66: 000018   E505  ldi temp, four
    67: 000019   9301  st Z+, temp
    68: 00001A   E50D  ldi temp, five
    69: 00001B   9301  st Z+, temp
    70: 00001C   E707  ldi temp, six
    71: 00001D   8300  st Z,  temp
    72: 00001E   9508  ret
    73: 
    74: main:
    75:     ;since it includes 8.  (the number of dice sides.)
    76: 00001F   BB1B  out PORTA, thrown_number
    77: 000020   B306  in temp, PINB
    78: 000021   7004  andi temp, button
    79: 000022   F3E1  breq main ;if button is not pressed jump to main else run button loop
    80:     buttonloop:;loop runs while button down.
    81: 000023   9523  inc count ;how long was the button pressed
    82: 000024   E007  ldi temp, 0x07
    83: 000025   2320  and count, temp ;only the first 8 symbols we want.
    84:         ;(not actually measure of time but yea.)
    85: 000026   B306  in temp, PINB;
    86: 000027   7004  andi temp, button;check if button was pressed
    87: 000028   F7D1  brne buttonloop
    88:     ;load the symbol into thrown number and display.
    89:     ;we want to display the number all the time, but only retrieve the symbol once.
    90:     ;so we do this after the button code has run.
    91:     ;and will not happen till button is pressed again.
    92: 000029   E0F0  ldi ZH, high(numbers)
    93: 00002A   E6E0  ldi ZL, low(numbers)
    94:     ;add 1 to count or we won't get zero ?
    95: 00002B   E001  ldi temp, 0x01
    96: 00002C   0F20  add count, temp
    97:     loadLoop:
    98: 00002D   9111  ld thrown_number, Z+
    99: 00002E   952A  dec count
   100: 00002F   F7E9  brne loadLoop
   101: 000030   CFEE  rjmp main

Program             :       49 words.
Constants           :        0 words.
Total program memory:       49 words.
Eeprom space        :        0 bytes.
Data segment        :        8 bytes.
Compilation completed, no errors.
Compilation endet 20.01.2014, 22:55:48
