gavrasm Gerd's AVR assembler version 3.3 (C)2012 by DG4FAC
----------------------------------------------------------
Source file: /home/robert/projects/avr-attiny84-dice-asm/first.asm
Hex file:    /home/robert/projects/avr-attiny84-dice-asm/first.hex
Eeprom file: /home/robert/projects/avr-attiny84-dice-asm/first.eep
Compiled:    14.01.2014, 21:37:52
Pass:        2
     1: ;example from the interwebs,
     2: ;edited by: Duality / Robert
     3: 
     4: .list
     5: .device ATtiny84 ;a .device for selecting your chip with avrgasm 
     6: ;which is pretty cool!! 
     7: 
     8: .dseg ;data segment
     9: .def temp = r16 
    10: .def delay1 = r17 
    11: .def delay2 = r18 
    12: .def delayv = r19
    13: 
    14: .cseg ;code segment
    15: .org $000 
    16: 000000   C00A  rjmp main 
    17: 
    18: ;subroutines
    19: delay: 
    20: 000001   2711  clr delay1 
    21: 000002   2722  clr delay2 
    22: 000003   E634  ldi delayv, 100 
    23: 
    24: delay_loop: 
    25: 000004   952A  dec delay2 
    26: 000005   F7F1  brne delay_loop 
    27: 000006   951A  dec delay1 
    28: 000007   F7E1  brne delay_loop 
    29: 000008   953A  dec delayv 
    30: 000009   F7D1  brne delay_loop 
    31: 00000A   9508  ret ; go back to where we came from 
    32: 
    33: 
    34: main: 
    35: 	;apperently the first thing that happens is that the stack pointer is set.
    36: 00000B   E50F  ldi temp,low(RAMEND) 
    37: 00000C   BF0D  out SPL,temp 
    38: 00000D   E002  ldi temp,high(RAMEND) 
    39: 00000E   BF0E  out SPH,temp 
    40: 	
    41: 00000F   EF0F  ldi temp, 0xFF;load 0xFF in to r16
    42: 000010   BB0A  out DDRA, temp;load r16 into DDRA all ports to output.
    43: 	;sbi DDRA, 0xFF ; connect PORTD pin 4 to LED 
    44: 	loop:
    45: 000011   DFEF  rcall delay ; delay again for a short bit 
    46: 000012   BB09  out PINA, temp;
    47: 000013   CFFD  rjmp loop ; recurse back to the head of loop 

Program             :       20 words.
Constants           :        0 words.
Total program memory:       20 words.
Eeprom space        :        0 bytes.
Data segment        :        0 bytes.
Compilation completed, no errors.
Compilation endet 14.01.2014, 21:37:52
